// Jest Snapshot v1, https://goo.gl/fbAQLP

exports[`radio 渲染 1`] = `
<body>
  <div>
    <div
      class=""
    >
      <div
        class=""
        style="background: none;"
      >
        <div
          class=""
          id="id0"
          style="border-color:#eee;
border-width:1rpx;
background:#fff;"
        />
        西瓜
      </div>
      <div
        class=""
        style="background: none;"
      >
        <div
          class=""
          id="id1"
          style="border-color:#eee;
border-width:1rpx;
background:#fff;"
        />
        香蕉
      </div>
      <div
        class=""
        style="background: none;"
      >
        <div
          class=""
          id="id2"
          style="border-color:#eee;
border-width:1rpx;
background:#fff;"
        />
        苹果
      </div>
      <div
        class=""
        style="background: none;"
      >
        <div
          class=""
          id="id3"
          style="border-color:#eee;
border-width:1rpx;
background:#fff;"
        />
        桔子
      </div>
      <div
        class=""
        style="background: none;"
      >
        <div
          class=""
          id="id4"
          style="border-color:#eee;
border-width:1rpx;
background:#fff;"
        />
        芒果
      </div>
      <div
        class=""
        style="background: none;"
      >
        <div
          class=""
          id="id5"
          style="border-color:#eee;
border-width:1rpx;
background:#fff;"
        />
        甘蔗
      </div>
      <div
        class=""
        style="background: none;"
      >
        <div
          class=""
          id="id6"
          style="border-color:#eee;
border-width:1rpx;
background:#fff;"
        />
        火龙果
      </div>
    </div>
  </div>
</body>
`;
