// Jest Snapshot v1, https://goo.gl/fbAQLP

exports[`picker选择器 城市选择 1`] = `
<body>
  <div
    class="adm-px-tester"
  />
  <div
    class="adm-px-tester"
  />
  <div>
    <div
      class="picker-children"
    >
      <div />
    </div>
  </div>
  <div
    class="adm-popup adm-picker-popup"
    style="display: none;"
  >
    <div
      class="adm-mask"
      style="background: rgba(0, 0, 0, 0.55); opacity: 0; display: none;"
    >
      <div
        aria-label="遮罩层"
        class="adm-mask-aria-button"
        role="button"
      />
      <div
        class="adm-mask-content"
      />
    </div>
    <div
      class="adm-popup-body adm-popup-body-position-bottom"
      style="transform: translate(0, 100%);"
    >
      <div
        class="adm-picker"
      >
        <div
          class="adm-picker-header"
        >
          <a
            class="adm-picker-header-button"
          >
            取消
          </a>
          <div
            class="adm-picker-header-title"
          >
            选择
          </div>
          <a
            class="adm-picker-header-button"
          >
            确定
          </a>
        </div>
        <div
          class="adm-picker-body"
        >
          <div
            class="adm-picker-view"
          >
            <div
              class="adm-picker-view-column"
            >
              <div
                aria-hidden="true"
                class="adm-picker-view-column-wheel"
                style="transform: none;"
              >
                <div
                  aria-hidden="false"
                  aria-label="active"
                  class="adm-picker-view-column-item"
                  data-selected="true"
                >
                  <div
                    class="adm-picker-view-column-item-label"
                  >
                    北京市
                  </div>
                </div>
                <div
                  aria-hidden="true"
                  aria-label=""
                  class="adm-picker-view-column-item"
                  data-selected="false"
                >
                  <div
                    class="adm-picker-view-column-item-label"
                  >
                    天津市
                  </div>
                </div>
                <div
                  aria-hidden="true"
                  aria-label=""
                  class="adm-picker-view-column-item"
                  data-selected="false"
                >
                  <div
                    class="adm-picker-view-column-item-label"
                  >
                    河北省
                  </div>
                </div>
                <div
                  aria-hidden="true"
                  aria-label=""
                  class="adm-picker-view-column-item"
                  data-selected="false"
                >
                  <div
                    class="adm-picker-view-column-item-label"
                  >
                    山西省
                  </div>
                </div>
                <div
                  aria-hidden="true"
                  aria-label=""
                  class="adm-picker-view-column-item"
                  data-selected="false"
                >
                  <div
                    class="adm-picker-view-column-item-label"
                  >
                    内蒙古自治区
                  </div>
                </div>
                <div
                  aria-hidden="true"
                  aria-label=""
                  class="adm-picker-view-column-item"
                  data-selected="false"
                >
                  <div
                    class="adm-picker-view-column-item-label"
                  >
                    辽宁省
                  </div>
                </div>
                <div
                  aria-hidden="true"
                  aria-label=""
                  class="adm-picker-view-column-item"
                  data-selected="false"
                >
                  <div
                    class="adm-picker-view-column-item-label"
                  >
                    吉林省
                  </div>
                </div>
                <div
                  aria-hidden="true"
                  aria-label=""
                  class="adm-picker-view-column-item"
                  data-selected="false"
                >
                  <div
                    class="adm-picker-view-column-item-label"
                  >
                    黑龙江省
                  </div>
                </div>
                <div
                  aria-hidden="true"
                  aria-label=""
                  class="adm-picker-view-column-item"
                  data-selected="false"
                >
                  <div
                    class="adm-picker-view-column-item-label"
                  >
                    上海市
                  </div>
                </div>
                <div
                  aria-hidden="true"
                  aria-label=""
                  class="adm-picker-view-column-item"
                  data-selected="false"
                >
                  <div
                    class="adm-picker-view-column-item-label"
                  >
                    江苏省
                  </div>
                </div>
                <div
                  aria-hidden="true"
                  aria-label=""
                  class="adm-picker-view-column-item"
                  data-selected="false"
                >
                  <div
                    class="adm-picker-view-column-item-label"
                  >
                    浙江省
                  </div>
                </div>
                <div
                  aria-hidden="true"
                  aria-label=""
                  class="adm-picker-view-column-item"
                  data-selected="false"
                >
                  <div
                    class="adm-picker-view-column-item-label"
                  >
                    安徽省
                  </div>
                </div>
                <div
                  aria-hidden="true"
                  aria-label=""
                  class="adm-picker-view-column-item"
                  data-selected="false"
                >
                  <div
                    class="adm-picker-view-column-item-label"
                  >
                    福建省
                  </div>
                </div>
                <div
                  aria-hidden="true"
                  aria-label=""
                  class="adm-picker-view-column-item"
                  data-selected="false"
                >
                  <div
                    class="adm-picker-view-column-item-label"
                  >
                    江西省
                  </div>
                </div>
                <div
                  aria-hidden="true"
                  aria-label=""
                  class="adm-picker-view-column-item"
                  data-selected="false"
                >
                  <div
                    class="adm-picker-view-column-item-label"
                  >
                    山东省
                  </div>
                </div>
                <div
                  aria-hidden="true"
                  aria-label=""
                  class="adm-picker-view-column-item"
                  data-selected="false"
                >
                  <div
                    class="adm-picker-view-column-item-label"
                  >
                    河南省
                  </div>
                </div>
                <div
                  aria-hidden="true"
                  aria-label=""
                  class="adm-picker-view-column-item"
                  data-selected="false"
                >
                  <div
                    class="adm-picker-view-column-item-label"
                  >
                    湖北省
                  </div>
                </div>
                <div
                  aria-hidden="true"
                  aria-label=""
                  class="adm-picker-view-column-item"
                  data-selected="false"
                >
                  <div
                    class="adm-picker-view-column-item-label"
                  >
                    湖南省
                  </div>
                </div>
                <div
                  aria-hidden="true"
                  aria-label=""
                  class="adm-picker-view-column-item"
                  data-selected="false"
                >
                  <div
                    class="adm-picker-view-column-item-label"
                  >
                    广东省
                  </div>
                </div>
                <div
                  aria-hidden="true"
                  aria-label=""
                  class="adm-picker-view-column-item"
                  data-selected="false"
                >
                  <div
                    class="adm-picker-view-column-item-label"
                  >
                    广西壮族自治区
                  </div>
                </div>
                <div
                  aria-hidden="true"
                  aria-label=""
                  class="adm-picker-view-column-item"
                  data-selected="false"
                >
                  <div
                    class="adm-picker-view-column-item-label"
                  >
                    海南省
                  </div>
                </div>
                <div
                  aria-hidden="true"
                  aria-label=""
                  class="adm-picker-view-column-item"
                  data-selected="false"
                >
                  <div
                    class="adm-picker-view-column-item-label"
                  >
                    重庆市
                  </div>
                </div>
                <div
                  aria-hidden="true"
                  aria-label=""
                  class="adm-picker-view-column-item"
                  data-selected="false"
                >
                  <div
                    class="adm-picker-view-column-item-label"
                  >
                    四川省
                  </div>
                </div>
                <div
                  aria-hidden="true"
                  aria-label=""
                  class="adm-picker-view-column-item"
                  data-selected="false"
                >
                  <div
                    class="adm-picker-view-column-item-label"
                  >
                    贵州省
                  </div>
                </div>
                <div
                  aria-hidden="true"
                  aria-label=""
                  class="adm-picker-view-column-item"
                  data-selected="false"
                >
                  <div
                    class="adm-picker-view-column-item-label"
                  >
                    云南省
                  </div>
                </div>
                <div
                  aria-hidden="true"
                  aria-label=""
                  class="adm-picker-view-column-item"
                  data-selected="false"
                >
                  <div
                    class="adm-picker-view-column-item-label"
                  >
                    西藏自治区
                  </div>
                </div>
                <div
                  aria-hidden="true"
                  aria-label=""
                  class="adm-picker-view-column-item"
                  data-selected="false"
                >
                  <div
                    class="adm-picker-view-column-item-label"
                  >
                    陕西省
                  </div>
                </div>
                <div
                  aria-hidden="true"
                  aria-label=""
                  class="adm-picker-view-column-item"
                  data-selected="false"
                >
                  <div
                    class="adm-picker-view-column-item-label"
                  >
                    甘肃省
                  </div>
                </div>
                <div
                  aria-hidden="true"
                  aria-label=""
                  class="adm-picker-view-column-item"
                  data-selected="false"
                >
                  <div
                    class="adm-picker-view-column-item-label"
                  >
                    青海省
                  </div>
                </div>
                <div
                  aria-hidden="true"
                  aria-label=""
                  class="adm-picker-view-column-item"
                  data-selected="false"
                >
                  <div
                    class="adm-picker-view-column-item-label"
                  >
                    宁夏回族自治区
                  </div>
                </div>
                <div
                  aria-hidden="true"
                  aria-label=""
                  class="adm-picker-view-column-item"
                  data-selected="false"
                >
                  <div
                    class="adm-picker-view-column-item-label"
                  >
                    新疆维吾尔自治区
                  </div>
                </div>
              </div>
              <div
                class="adm-picker-view-column-accessible"
              >
                <div
                  aria-label="当前选择的是：北京市"
                  class="adm-picker-view-column-accessible-current"
                  role="button"
                >
                  -
                </div>
                <div />
                <div>
                  <div
                    aria-label="选择下一项：天津市"
                    class="adm-picker-view-column-accessible-button"
                    role="button"
                  >
                    -
                  </div>
                </div>
              </div>
            </div>
            <div
              class="adm-picker-view-column"
            >
              <div
                aria-hidden="true"
                class="adm-picker-view-column-wheel"
                style="transform: none;"
              >
                <div
                  aria-hidden="false"
                  aria-label="active"
                  class="adm-picker-view-column-item"
                  data-selected="true"
                >
                  <div
                    class="adm-picker-view-column-item-label"
                  >
                    市辖区
                  </div>
                </div>
              </div>
              <div
                class="adm-picker-view-column-accessible"
              >
                <div
                  aria-label="当前选择的是：市辖区"
                  class="adm-picker-view-column-accessible-current"
                  role="button"
                >
                  -
                </div>
                <div />
                <div />
              </div>
            </div>
            <div
              class="adm-picker-view-column"
            >
              <div
                aria-hidden="true"
                class="adm-picker-view-column-wheel"
                style="transform: none;"
              >
                <div
                  aria-hidden="false"
                  aria-label="active"
                  class="adm-picker-view-column-item"
                  data-selected="true"
                >
                  <div
                    class="adm-picker-view-column-item-label"
                  >
                    东城区
                  </div>
                </div>
                <div
                  aria-hidden="true"
                  aria-label=""
                  class="adm-picker-view-column-item"
                  data-selected="false"
                >
                  <div
                    class="adm-picker-view-column-item-label"
                  >
                    西城区
                  </div>
                </div>
                <div
                  aria-hidden="true"
                  aria-label=""
                  class="adm-picker-view-column-item"
                  data-selected="false"
                >
                  <div
                    class="adm-picker-view-column-item-label"
                  >
                    朝阳区
                  </div>
                </div>
                <div
                  aria-hidden="true"
                  aria-label=""
                  class="adm-picker-view-column-item"
                  data-selected="false"
                >
                  <div
                    class="adm-picker-view-column-item-label"
                  >
                    丰台区
                  </div>
                </div>
                <div
                  aria-hidden="true"
                  aria-label=""
                  class="adm-picker-view-column-item"
                  data-selected="false"
                >
                  <div
                    class="adm-picker-view-column-item-label"
                  >
                    石景山区
                  </div>
                </div>
                <div
                  aria-hidden="true"
                  aria-label=""
                  class="adm-picker-view-column-item"
                  data-selected="false"
                >
                  <div
                    class="adm-picker-view-column-item-label"
                  >
                    海淀区
                  </div>
                </div>
                <div
                  aria-hidden="true"
                  aria-label=""
                  class="adm-picker-view-column-item"
                  data-selected="false"
                >
                  <div
                    class="adm-picker-view-column-item-label"
                  >
                    门头沟区
                  </div>
                </div>
                <div
                  aria-hidden="true"
                  aria-label=""
                  class="adm-picker-view-column-item"
                  data-selected="false"
                >
                  <div
                    class="adm-picker-view-column-item-label"
                  >
                    房山区
                  </div>
                </div>
                <div
                  aria-hidden="true"
                  aria-label=""
                  class="adm-picker-view-column-item"
                  data-selected="false"
                >
                  <div
                    class="adm-picker-view-column-item-label"
                  >
                    通州区
                  </div>
                </div>
                <div
                  aria-hidden="true"
                  aria-label=""
                  class="adm-picker-view-column-item"
                  data-selected="false"
                >
                  <div
                    class="adm-picker-view-column-item-label"
                  >
                    顺义区
                  </div>
                </div>
                <div
                  aria-hidden="true"
                  aria-label=""
                  class="adm-picker-view-column-item"
                  data-selected="false"
                >
                  <div
                    class="adm-picker-view-column-item-label"
                  >
                    昌平区
                  </div>
                </div>
                <div
                  aria-hidden="true"
                  aria-label=""
                  class="adm-picker-view-column-item"
                  data-selected="false"
                >
                  <div
                    class="adm-picker-view-column-item-label"
                  >
                    大兴区
                  </div>
                </div>
                <div
                  aria-hidden="true"
                  aria-label=""
                  class="adm-picker-view-column-item"
                  data-selected="false"
                >
                  <div
                    class="adm-picker-view-column-item-label"
                  >
                    怀柔区
                  </div>
                </div>
                <div
                  aria-hidden="true"
                  aria-label=""
                  class="adm-picker-view-column-item"
                  data-selected="false"
                >
                  <div
                    class="adm-picker-view-column-item-label"
                  >
                    平谷区
                  </div>
                </div>
                <div
                  aria-hidden="true"
                  aria-label=""
                  class="adm-picker-view-column-item"
                  data-selected="false"
                >
                  <div
                    class="adm-picker-view-column-item-label"
                  >
                    密云区
                  </div>
                </div>
                <div
                  aria-hidden="true"
                  aria-label=""
                  class="adm-picker-view-column-item"
                  data-selected="false"
                >
                  <div
                    class="adm-picker-view-column-item-label"
                  >
                    延庆区
                  </div>
                </div>
              </div>
              <div
                class="adm-picker-view-column-accessible"
              >
                <div
                  aria-label="当前选择的是：东城区"
                  class="adm-picker-view-column-accessible-current"
                  role="button"
                >
                  -
                </div>
                <div />
                <div>
                  <div
                    aria-label="选择下一项：西城区"
                    class="adm-picker-view-column-accessible-button"
                    role="button"
                  >
                    -
                  </div>
                </div>
              </div>
            </div>
            <div
              class="adm-picker-view-mask"
            >
              <div
                class="adm-picker-view-mask-top"
              />
              <div
                class="adm-picker-view-mask-middle"
              />
              <div
                class="adm-picker-view-mask-bottom"
              />
            </div>
          </div>
        </div>
      </div>
      <div
        class="adm-safe-area adm-safe-area-position-bottom"
      />
    </div>
  </div>
</body>
`;

exports[`picker选择器 渲染 1`] = `
<body>
  <div
    class="adm-px-tester"
  />
  <div
    class="adm-px-tester"
  />
  <div>
    <div
      class="picker-children"
    >
      显示
    </div>
  </div>
  <div
    class="adm-popup adm-picker-popup"
    style="display: none;"
  >
    <div
      class="adm-mask"
      style="background: rgba(0, 0, 0, 0.55); opacity: 0; display: none;"
    >
      <div
        aria-label="遮罩层"
        class="adm-mask-aria-button"
        role="button"
      />
      <div
        class="adm-mask-content"
      />
    </div>
    <div
      class="adm-popup-body adm-popup-body-position-bottom"
      style="transform: translate(0, 100%);"
    >
      <div
        class="adm-picker"
      >
        <div
          class="adm-picker-header"
        >
          <a
            class="adm-picker-header-button"
          >
            取消
          </a>
          <div
            class="adm-picker-header-title"
          >
            选择
          </div>
          <a
            class="adm-picker-header-button"
          >
            确定
          </a>
        </div>
        <div
          class="adm-picker-body"
        >
          <div
            class="adm-picker-view"
          >
            <div
              class="adm-picker-view-column"
            >
              <div
                aria-hidden="true"
                class="adm-picker-view-column-wheel"
                style="transform: none;"
              >
                <div
                  aria-hidden="false"
                  aria-label="active"
                  class="adm-picker-view-column-item"
                  data-selected="true"
                >
                  <div
                    class="adm-picker-view-column-item-label"
                  >
                    北京市
                  </div>
                </div>
                <div
                  aria-hidden="true"
                  aria-label=""
                  class="adm-picker-view-column-item"
                  data-selected="false"
                >
                  <div
                    class="adm-picker-view-column-item-label"
                  >
                    天津市
                  </div>
                </div>
                <div
                  aria-hidden="true"
                  aria-label=""
                  class="adm-picker-view-column-item"
                  data-selected="false"
                >
                  <div
                    class="adm-picker-view-column-item-label"
                  >
                    河北省
                  </div>
                </div>
                <div
                  aria-hidden="true"
                  aria-label=""
                  class="adm-picker-view-column-item"
                  data-selected="false"
                >
                  <div
                    class="adm-picker-view-column-item-label"
                  >
                    山西省
                  </div>
                </div>
                <div
                  aria-hidden="true"
                  aria-label=""
                  class="adm-picker-view-column-item"
                  data-selected="false"
                >
                  <div
                    class="adm-picker-view-column-item-label"
                  >
                    内蒙古自治区
                  </div>
                </div>
                <div
                  aria-hidden="true"
                  aria-label=""
                  class="adm-picker-view-column-item"
                  data-selected="false"
                >
                  <div
                    class="adm-picker-view-column-item-label"
                  >
                    辽宁省
                  </div>
                </div>
                <div
                  aria-hidden="true"
                  aria-label=""
                  class="adm-picker-view-column-item"
                  data-selected="false"
                >
                  <div
                    class="adm-picker-view-column-item-label"
                  >
                    吉林省
                  </div>
                </div>
                <div
                  aria-hidden="true"
                  aria-label=""
                  class="adm-picker-view-column-item"
                  data-selected="false"
                >
                  <div
                    class="adm-picker-view-column-item-label"
                  >
                    黑龙江省
                  </div>
                </div>
                <div
                  aria-hidden="true"
                  aria-label=""
                  class="adm-picker-view-column-item"
                  data-selected="false"
                >
                  <div
                    class="adm-picker-view-column-item-label"
                  >
                    上海市
                  </div>
                </div>
                <div
                  aria-hidden="true"
                  aria-label=""
                  class="adm-picker-view-column-item"
                  data-selected="false"
                >
                  <div
                    class="adm-picker-view-column-item-label"
                  >
                    江苏省
                  </div>
                </div>
                <div
                  aria-hidden="true"
                  aria-label=""
                  class="adm-picker-view-column-item"
                  data-selected="false"
                >
                  <div
                    class="adm-picker-view-column-item-label"
                  >
                    浙江省
                  </div>
                </div>
                <div
                  aria-hidden="true"
                  aria-label=""
                  class="adm-picker-view-column-item"
                  data-selected="false"
                >
                  <div
                    class="adm-picker-view-column-item-label"
                  >
                    安徽省
                  </div>
                </div>
                <div
                  aria-hidden="true"
                  aria-label=""
                  class="adm-picker-view-column-item"
                  data-selected="false"
                >
                  <div
                    class="adm-picker-view-column-item-label"
                  >
                    福建省
                  </div>
                </div>
                <div
                  aria-hidden="true"
                  aria-label=""
                  class="adm-picker-view-column-item"
                  data-selected="false"
                >
                  <div
                    class="adm-picker-view-column-item-label"
                  >
                    江西省
                  </div>
                </div>
                <div
                  aria-hidden="true"
                  aria-label=""
                  class="adm-picker-view-column-item"
                  data-selected="false"
                >
                  <div
                    class="adm-picker-view-column-item-label"
                  >
                    山东省
                  </div>
                </div>
                <div
                  aria-hidden="true"
                  aria-label=""
                  class="adm-picker-view-column-item"
                  data-selected="false"
                >
                  <div
                    class="adm-picker-view-column-item-label"
                  >
                    河南省
                  </div>
                </div>
                <div
                  aria-hidden="true"
                  aria-label=""
                  class="adm-picker-view-column-item"
                  data-selected="false"
                >
                  <div
                    class="adm-picker-view-column-item-label"
                  >
                    湖北省
                  </div>
                </div>
                <div
                  aria-hidden="true"
                  aria-label=""
                  class="adm-picker-view-column-item"
                  data-selected="false"
                >
                  <div
                    class="adm-picker-view-column-item-label"
                  >
                    湖南省
                  </div>
                </div>
                <div
                  aria-hidden="true"
                  aria-label=""
                  class="adm-picker-view-column-item"
                  data-selected="false"
                >
                  <div
                    class="adm-picker-view-column-item-label"
                  >
                    广东省
                  </div>
                </div>
                <div
                  aria-hidden="true"
                  aria-label=""
                  class="adm-picker-view-column-item"
                  data-selected="false"
                >
                  <div
                    class="adm-picker-view-column-item-label"
                  >
                    广西壮族自治区
                  </div>
                </div>
                <div
                  aria-hidden="true"
                  aria-label=""
                  class="adm-picker-view-column-item"
                  data-selected="false"
                >
                  <div
                    class="adm-picker-view-column-item-label"
                  >
                    海南省
                  </div>
                </div>
                <div
                  aria-hidden="true"
                  aria-label=""
                  class="adm-picker-view-column-item"
                  data-selected="false"
                >
                  <div
                    class="adm-picker-view-column-item-label"
                  >
                    重庆市
                  </div>
                </div>
                <div
                  aria-hidden="true"
                  aria-label=""
                  class="adm-picker-view-column-item"
                  data-selected="false"
                >
                  <div
                    class="adm-picker-view-column-item-label"
                  >
                    四川省
                  </div>
                </div>
                <div
                  aria-hidden="true"
                  aria-label=""
                  class="adm-picker-view-column-item"
                  data-selected="false"
                >
                  <div
                    class="adm-picker-view-column-item-label"
                  >
                    贵州省
                  </div>
                </div>
                <div
                  aria-hidden="true"
                  aria-label=""
                  class="adm-picker-view-column-item"
                  data-selected="false"
                >
                  <div
                    class="adm-picker-view-column-item-label"
                  >
                    云南省
                  </div>
                </div>
                <div
                  aria-hidden="true"
                  aria-label=""
                  class="adm-picker-view-column-item"
                  data-selected="false"
                >
                  <div
                    class="adm-picker-view-column-item-label"
                  >
                    西藏自治区
                  </div>
                </div>
                <div
                  aria-hidden="true"
                  aria-label=""
                  class="adm-picker-view-column-item"
                  data-selected="false"
                >
                  <div
                    class="adm-picker-view-column-item-label"
                  >
                    陕西省
                  </div>
                </div>
                <div
                  aria-hidden="true"
                  aria-label=""
                  class="adm-picker-view-column-item"
                  data-selected="false"
                >
                  <div
                    class="adm-picker-view-column-item-label"
                  >
                    甘肃省
                  </div>
                </div>
                <div
                  aria-hidden="true"
                  aria-label=""
                  class="adm-picker-view-column-item"
                  data-selected="false"
                >
                  <div
                    class="adm-picker-view-column-item-label"
                  >
                    青海省
                  </div>
                </div>
                <div
                  aria-hidden="true"
                  aria-label=""
                  class="adm-picker-view-column-item"
                  data-selected="false"
                >
                  <div
                    class="adm-picker-view-column-item-label"
                  >
                    宁夏回族自治区
                  </div>
                </div>
                <div
                  aria-hidden="true"
                  aria-label=""
                  class="adm-picker-view-column-item"
                  data-selected="false"
                >
                  <div
                    class="adm-picker-view-column-item-label"
                  >
                    新疆维吾尔自治区
                  </div>
                </div>
              </div>
              <div
                class="adm-picker-view-column-accessible"
              >
                <div
                  aria-label="当前选择的是：北京市"
                  class="adm-picker-view-column-accessible-current"
                  role="button"
                >
                  -
                </div>
                <div />
                <div>
                  <div
                    aria-label="选择下一项：天津市"
                    class="adm-picker-view-column-accessible-button"
                    role="button"
                  >
                    -
                  </div>
                </div>
              </div>
            </div>
            <div
              class="adm-picker-view-column"
            >
              <div
                aria-hidden="true"
                class="adm-picker-view-column-wheel"
                style="transform: none;"
              >
                <div
                  aria-hidden="false"
                  aria-label="active"
                  class="adm-picker-view-column-item"
                  data-selected="true"
                >
                  <div
                    class="adm-picker-view-column-item-label"
                  >
                    市辖区
                  </div>
                </div>
              </div>
              <div
                class="adm-picker-view-column-accessible"
              >
                <div
                  aria-label="当前选择的是：市辖区"
                  class="adm-picker-view-column-accessible-current"
                  role="button"
                >
                  -
                </div>
                <div />
                <div />
              </div>
            </div>
            <div
              class="adm-picker-view-column"
            >
              <div
                aria-hidden="true"
                class="adm-picker-view-column-wheel"
                style="transform: none;"
              >
                <div
                  aria-hidden="false"
                  aria-label="active"
                  class="adm-picker-view-column-item"
                  data-selected="true"
                >
                  <div
                    class="adm-picker-view-column-item-label"
                  >
                    东城区
                  </div>
                </div>
                <div
                  aria-hidden="true"
                  aria-label=""
                  class="adm-picker-view-column-item"
                  data-selected="false"
                >
                  <div
                    class="adm-picker-view-column-item-label"
                  >
                    西城区
                  </div>
                </div>
                <div
                  aria-hidden="true"
                  aria-label=""
                  class="adm-picker-view-column-item"
                  data-selected="false"
                >
                  <div
                    class="adm-picker-view-column-item-label"
                  >
                    朝阳区
                  </div>
                </div>
                <div
                  aria-hidden="true"
                  aria-label=""
                  class="adm-picker-view-column-item"
                  data-selected="false"
                >
                  <div
                    class="adm-picker-view-column-item-label"
                  >
                    丰台区
                  </div>
                </div>
                <div
                  aria-hidden="true"
                  aria-label=""
                  class="adm-picker-view-column-item"
                  data-selected="false"
                >
                  <div
                    class="adm-picker-view-column-item-label"
                  >
                    石景山区
                  </div>
                </div>
                <div
                  aria-hidden="true"
                  aria-label=""
                  class="adm-picker-view-column-item"
                  data-selected="false"
                >
                  <div
                    class="adm-picker-view-column-item-label"
                  >
                    海淀区
                  </div>
                </div>
                <div
                  aria-hidden="true"
                  aria-label=""
                  class="adm-picker-view-column-item"
                  data-selected="false"
                >
                  <div
                    class="adm-picker-view-column-item-label"
                  >
                    门头沟区
                  </div>
                </div>
                <div
                  aria-hidden="true"
                  aria-label=""
                  class="adm-picker-view-column-item"
                  data-selected="false"
                >
                  <div
                    class="adm-picker-view-column-item-label"
                  >
                    房山区
                  </div>
                </div>
                <div
                  aria-hidden="true"
                  aria-label=""
                  class="adm-picker-view-column-item"
                  data-selected="false"
                >
                  <div
                    class="adm-picker-view-column-item-label"
                  >
                    通州区
                  </div>
                </div>
                <div
                  aria-hidden="true"
                  aria-label=""
                  class="adm-picker-view-column-item"
                  data-selected="false"
                >
                  <div
                    class="adm-picker-view-column-item-label"
                  >
                    顺义区
                  </div>
                </div>
                <div
                  aria-hidden="true"
                  aria-label=""
                  class="adm-picker-view-column-item"
                  data-selected="false"
                >
                  <div
                    class="adm-picker-view-column-item-label"
                  >
                    昌平区
                  </div>
                </div>
                <div
                  aria-hidden="true"
                  aria-label=""
                  class="adm-picker-view-column-item"
                  data-selected="false"
                >
                  <div
                    class="adm-picker-view-column-item-label"
                  >
                    大兴区
                  </div>
                </div>
                <div
                  aria-hidden="true"
                  aria-label=""
                  class="adm-picker-view-column-item"
                  data-selected="false"
                >
                  <div
                    class="adm-picker-view-column-item-label"
                  >
                    怀柔区
                  </div>
                </div>
                <div
                  aria-hidden="true"
                  aria-label=""
                  class="adm-picker-view-column-item"
                  data-selected="false"
                >
                  <div
                    class="adm-picker-view-column-item-label"
                  >
                    平谷区
                  </div>
                </div>
                <div
                  aria-hidden="true"
                  aria-label=""
                  class="adm-picker-view-column-item"
                  data-selected="false"
                >
                  <div
                    class="adm-picker-view-column-item-label"
                  >
                    密云区
                  </div>
                </div>
                <div
                  aria-hidden="true"
                  aria-label=""
                  class="adm-picker-view-column-item"
                  data-selected="false"
                >
                  <div
                    class="adm-picker-view-column-item-label"
                  >
                    延庆区
                  </div>
                </div>
              </div>
              <div
                class="adm-picker-view-column-accessible"
              >
                <div
                  aria-label="当前选择的是：东城区"
                  class="adm-picker-view-column-accessible-current"
                  role="button"
                >
                  -
                </div>
                <div />
                <div>
                  <div
                    aria-label="选择下一项：西城区"
                    class="adm-picker-view-column-accessible-button"
                    role="button"
                  >
                    -
                  </div>
                </div>
              </div>
            </div>
            <div
              class="adm-picker-view-mask"
            >
              <div
                class="adm-picker-view-mask-top"
              />
              <div
                class="adm-picker-view-mask-middle"
              />
              <div
                class="adm-picker-view-mask-bottom"
              />
            </div>
          </div>
        </div>
      </div>
      <div
        class="adm-safe-area adm-safe-area-position-bottom"
      />
    </div>
  </div>
</body>
`;
