// Jest Snapshot v1, https://goo.gl/fbAQLP

exports[`表单项 渲染 1`] = `
<body>
  <div
    class="adm-px-tester"
  />
  <div
    class="adm-px-tester"
  />
  <div>
    <div
      class=""
      style="line-height: 1; align-self: stretch; display: flex; box-sizing: border-box; flex-direction: column; background-color: rgb(255, 255, 255); border-radius: 10px; padding-left: 10px; padding-right: 10px; box-shadow: 0 0 10px rgba(39,128,217, 0.15);"
    >
      <div
        class=""
        style="line-height: 1; display: flex; box-sizing: border-box; flex-direction: column;"
      >
        <div
          class=""
          data-is-last="false"
          initialvalue="1"
          style="border-bottom-width: 1px;"
        >
          <div>
            <div
              class=""
              style="opacity: 0;"
            >
              *
            </div>
            <div
              class=""
              style="justify-content: flex-end;"
            >
              <div
                style="width: 1em;"
              >
                号
              </div>
              <div
                style="width: 1em;"
              >
                码
              </div>
              <div
                style="width: 1em;"
              >
                类
              </div>
              <div
                style="width: 1em;"
              >
                型
              </div>
            </div>
          </div>
          <div
            class=""
            style="justify-content: flex-end;"
          >
            <div
              class=""
            >
              <div
                class=""
                style="background: none;"
              >
                <div
                  class=""
                  style="border-color: #eee; border-width: 1px; background: rgb(255, 255, 255);"
                />
                身份证
              </div>
              <div
                class=""
                style="background: none;"
              >
                <div
                  class=""
                  style="border-color: #eee; border-width: 1px; background: rgb(255, 255, 255);"
                />
                手机号
              </div>
            </div>
          </div>
          <div
            class=""
            style="display: none;"
          />
        </div>
        <div
          class=""
          data-is-last="true"
          style="border-bottom-width: 0;"
        >
          <div>
            <div
              class=""
              style="opacity: 1;"
            >
              *
            </div>
            <div
              class=""
              style="justify-content: flex-end;"
            >
              <div
                style="width: 1em;"
              >
                手
              </div>
              <div
                style="width: 1em;"
              >
                机
              </div>
              <div
                style="width: 1em;"
              >
                号
              </div>
            </div>
          </div>
          <div
            class=""
            style="justify-content: flex-end;"
          >
            <input
              class=""
              placeholder="请输入手机号"
              placeholderstyle="[object Object]"
              toutiao-selection-end="999"
              toutiao-selection-start="999"
              value=""
              wechat-confirm-type="done"
              wechat-cursor-spacing="0"
              wechat-placeholder-class="input-placeholder"
              wechat-selection-end="-1"
              wechat-selection-start="-1"
            />
          </div>
          <div
            class=""
            style="display: none;"
          />
        </div>
      </div>
    </div>
  </div>
</body>
`;
